// Jest Snapshot v1, https://goo.gl/fbAQLP

exports[`Test template should match logs 1`] = `
Array [
  Object {
    "TRACE": Object {
      "viewModel": Object {
        "appName": "Test App",
        "appNameCamel": "testApp",
        "appNamePascal": "TestApp",
        "appNameSnake": "test-app",
        "configString": "{
  \\"dir\\": \\"tests/app\\",
  \\"name\\": \\"Test App\\",
  \\"template\\": \\"test\\",
  \\"models\\": {}
}",
        "dir": "tests/app/test-app",
        "models": Array [],
        "templateName": "test",
        "templateVersion": "0.0.1",
      },
    },
  },
  Object {
    "TRACE": Object {
      "normalizedConfig": Object {
        "dir": "tests/app",
        "models": Object {},
        "name": "Test App",
        "template": "test",
      },
    },
  },
  Object {
    "TRACE": Object {
      "dest": "tests/app/test-app/UI",
      "msg": "mkdir",
    },
  },
  Object {
    "TRACE": Object {
      "dest": "tests/app/test-app/UI",
      "msg": "copyDir",
      "src": "/Users/paulheintzelman/Documents/projects/create-app/src/templates/test/app/UI",
    },
  },
  Object {
    "TRACE": Object {
      "dest": "tests/app/test-app",
      "msg": "copyDir",
      "src": "/Users/paulheintzelman/Documents/projects/create-app/src/templates/test/app",
    },
  },
  Object {
    "INFO": "Test App created, in dir tests/app/test-app",
  },
  Object {
    "DEBUG": "File rendered: tests/app/test-app/UI/index.html",
  },
  Object {
    "DEBUG": "File copied: tests/app/test-app/helloWorld.js",
  },
  Object {
    "DEBUG": "Dir created: tests/app/test-app",
  },
]
`;

exports[`Test template tests/app/test-app/UI/index.html should match snapshot 1`] = `
"<html>
  <body>
    <h1>Welcome to Test App!</h1>
  </body>
</html>
"
`;

exports[`Test template tests/app/test-app/helloWorld.js should match snapshot 1`] = `
"function helloWorld() {
  console.log('Hello World');
}
"
`;
